[2026/02/23_10:33:47] <EOS_LOG_Info> LogEOS: Updating Platform SDK Config, Time: 0.074829
[2026/02/23_10:33:57] <EOS_LOG_Warning> LogHttp: 00000179FE40CD90: invalid HTTP response code received. URL: https://api.epicgames.dev/sdk/v1/default?platformId=WIN, HTTP code: 0, content length: 0, actual payload size: 0
[2026/02/23_10:33:57] <EOS_LOG_Warning> LogHttp: 00000179FE40CD90: request failed, libcurl error: 35 (SSL connect error)
[2026/02/23_10:33:57] <EOS_LOG_Warning> LogHttp: 00000179FE40CD90: libcurl info message cache 0 (  Trying 127.0.0.1:7890...)
[2026/02/23_10:33:57] <EOS_LOG_Warning> LogHttp: 00000179FE40CD90: libcurl info message cache 1 (Connected to 127.0.0.1 (127.0.0.1) port 7890)
[2026/02/23_10:33:57] <EOS_LOG_Warning> LogHttp: 00000179FE40CD90: libcurl info message cache 2 (CONNECT tunnel: HTTP/1.1 negotiated)
[2026/02/23_10:33:57] <EOS_LOG_Warning> LogHttp: 00000179FE40CD90: libcurl info message cache 3 (allocate connect buffer)
[2026/02/23_10:33:57] <EOS_LOG_Warning> LogHttp: 00000179FE40CD90: libcurl info message cache 4 (Establish HTTP proxy tunnel to api.epicgames.dev:443)
[2026/02/23_10:33:57] <EOS_LOG_Warning> LogHttp: 00000179FE40CD90: libcurl info message cache 5 (CONNECT phase completed)
[2026/02/23_10:33:57] <EOS_LOG_Warning> LogHttp: 00000179FE40CD90: libcurl info message cache 6 (CONNECT tunnel established, response 200)
[2026/02/23_10:33:57] <EOS_LOG_Warning> LogHttp: 00000179FE40CD90: libcurl info message cache 7 (ALPN: curl offers http/1.1)
[2026/02/23_10:33:57] <EOS_LOG_Warning> LogHttp: 00000179FE40CD90: libcurl info message cache 8 (TLSv1.3 (OUT), TLS handshake, Client hello (1):)
[2026/02/23_10:33:57] <EOS_LOG_Warning> LogHttp: 00000179FE40CD90: libcurl info message cache 9 (Recv failure: Connection was reset)
[2026/02/23_10:33:57] <EOS_LOG_Warning> LogHttp: 00000179FE40CD90: libcurl info message cache 10 (OpenSSL SSL_connect: Connection was reset in connection to api.epicgames.dev:443 )
[2026/02/23_10:33:57] <EOS_LOG_Warning> LogHttp: 00000179FE40CD90: libcurl info message cache 11 (Closing connection)
[2026/02/23_10:33:57] <EOS_LOG_Warning> LogHttp: 00000179FE40CD90: libcurl info message cache 12 (Recv failure: Connection was reset)
[2026/02/23_10:33:57] <EOS_LOG_Warning> LogHttp: 00000179FE40CD90: libcurl info message cache 13 (Recv failure: Connection was reset)
[2026/02/23_10:33:57] <EOS_LOG_Warning> LogHttp: Retry exhausted on https://api.epicgames.dev/sdk/v1/default?platformId=WIN
[2026/02/23_10:33:57] <EOS_LOG_Warning> LogEOS: Failed to connect to the backend. ServiceName=[SDKConfig], OperationName=[GetPlatformConfigRoute], Url=[<Redacted>]
[2026/02/23_10:33:57] <EOS_LOG_Warning> LogEOS: SDK Config Platform Update Request Failed, Result Code: EOS_NoConnection, Retrying after 3.906247 seconds
[2026/02/23_10:34:01] <EOS_LOG_Info> LogEOS: Updating Platform SDK Config, Time: 13.603508
[2026/02/23_10:34:03] <EOS_LOG_Warning> LogHttp: 0000017A5B60D160: invalid HTTP response code received. URL: https://api.epicgames.dev/sdk/v1/default?platformId=WIN, HTTP code: 0, content length: 0, actual payload size: 0
[2026/02/23_10:34:03] <EOS_LOG_Warning> LogHttp: 0000017A5B60D160: request failed, libcurl error: 35 (SSL connect error)
[2026/02/23_10:34:03] <EOS_LOG_Warning> LogHttp: 0000017A5B60D160: libcurl info message cache 0 (Hostname 127.0.0.1 was found in DNS cache)
[2026/02/23_10:34:03] <EOS_LOG_Warning> LogHttp: 0000017A5B60D160: libcurl info message cache 1 (  Trying 127.0.0.1:7890...)
[2026/02/23_10:34:03] <EOS_LOG_Warning> LogHttp: 0000017A5B60D160: libcurl info message cache 2 (Connected to 127.0.0.1 (127.0.0.1) port 7890)
[2026/02/23_10:34:03] <EOS_LOG_Warning> LogHttp: 0000017A5B60D160: libcurl info message cache 3 (CONNECT tunnel: HTTP/1.1 negotiated)
[2026/02/23_10:34:03] <EOS_LOG_Warning> LogHttp: 0000017A5B60D160: libcurl info message cache 4 (allocate connect buffer)
[2026/02/23_10:34:03] <EOS_LOG_Warning> LogHttp: 0000017A5B60D160: libcurl info message cache 5 (Establish HTTP proxy tunnel to api.epicgames.dev:443)
[2026/02/23_10:34:03] <EOS_LOG_Warning> LogHttp: 0000017A5B60D160: libcurl info message cache 6 (CONNECT phase completed)
[2026/02/23_10:34:03] <EOS_LOG_Warning> LogHttp: 0000017A5B60D160: libcurl info message cache 7 (CONNECT tunnel established, response 200)
[2026/02/23_10:34:03] <EOS_LOG_Warning> LogHttp: 0000017A5B60D160: libcurl info message cache 8 (ALPN: curl offers http/1.1)
[2026/02/23_10:34:03] <EOS_LOG_Warning> LogHttp: 0000017A5B60D160: libcurl info message cache 9 (TLSv1.3 (OUT), TLS handshake, Client hello (1):)
[2026/02/23_10:34:03] <EOS_LOG_Warning> LogHttp: 0000017A5B60D160: libcurl info message cache 10 (Recv failure: Connection was reset)
[2026/02/23_10:34:03] <EOS_LOG_Warning> LogHttp: 0000017A5B60D160: libcurl info message cache 11 (OpenSSL SSL_connect: Connection was reset in connection to api.epicgames.dev:443 )
[2026/02/23_10:34:03] <EOS_LOG_Warning> LogHttp: 0000017A5B60D160: libcurl info message cache 12 (Closing connection)
[2026/02/23_10:34:03] <EOS_LOG_Warning> LogHttp: 0000017A5B60D160: libcurl info message cache 13 (Recv failure: Connection was reset)
[2026/02/23_10:34:03] <EOS_LOG_Warning> LogHttp: 0000017A5B60D160: libcurl info message cache 14 (Recv failure: Connection was reset)
[2026/02/23_10:34:03] <EOS_LOG_Warning> LogHttp: Retry exhausted on https://api.epicgames.dev/sdk/v1/default?platformId=WIN
[2026/02/23_10:34:03] <EOS_LOG_Warning> LogEOS: Failed to connect to the backend. ServiceName=[SDKConfig], OperationName=[GetPlatformConfigRoute], Url=[<Redacted>]
[2026/02/23_10:34:03] <EOS_LOG_Warning> LogEOS: SDK Config Platform Update Request Failed, Result Code: EOS_NoConnection, Retrying after 5.942442 seconds
[2026/02/23_10:34:09] <EOS_LOG_Info> LogEOS: Updating Platform SDK Config, Time: 21.722778
[2026/02/23_10:34:10] <EOS_LOG_Warning> LogHttp: 0000017A98FE1E20: invalid HTTP response code received. URL: https://api.epicgames.dev/sdk/v1/default?platformId=WIN, HTTP code: 0, content length: 0, actual payload size: 0
[2026/02/23_10:34:10] <EOS_LOG_Warning> LogHttp: 0000017A98FE1E20: request failed, libcurl error: 35 (SSL connect error)
[2026/02/23_10:34:10] <EOS_LOG_Warning> LogHttp: 0000017A98FE1E20: libcurl info message cache 0 (Hostname 127.0.0.1 was found in DNS cache)
[2026/02/23_10:34:10] <EOS_LOG_Warning> LogHttp: 0000017A98FE1E20: libcurl info message cache 1 (  Trying 127.0.0.1:7890...)
[2026/02/23_10:34:10] <EOS_LOG_Warning> LogHttp: 0000017A98FE1E20: libcurl info message cache 2 (Connected to 127.0.0.1 (127.0.0.1) port 7890)
[2026/02/23_10:34:10] <EOS_LOG_Warning> LogHttp: 0000017A98FE1E20: libcurl info message cache 3 (CONNECT tunnel: HTTP/1.1 negotiated)
[2026/02/23_10:34:10] <EOS_LOG_Warning> LogHttp: 0000017A98FE1E20: libcurl info message cache 4 (allocate connect buffer)
[2026/02/23_10:34:10] <EOS_LOG_Warning> LogHttp: 0000017A98FE1E20: libcurl info message cache 5 (Establish HTTP proxy tunnel to api.epicgames.dev:443)
[2026/02/23_10:34:10] <EOS_LOG_Warning> LogHttp: 0000017A98FE1E20: libcurl info message cache 6 (CONNECT phase completed)
[2026/02/23_10:34:10] <EOS_LOG_Warning> LogHttp: 0000017A98FE1E20: libcurl info message cache 7 (CONNECT tunnel established, response 200)
[2026/02/23_10:34:10] <EOS_LOG_Warning> LogHttp: 0000017A98FE1E20: libcurl info message cache 8 (ALPN: curl offers http/1.1)
[2026/02/23_10:34:10] <EOS_LOG_Warning> LogHttp: 0000017A98FE1E20: libcurl info message cache 9 (TLSv1.3 (OUT), TLS handshake, Client hello (1):)
[2026/02/23_10:34:10] <EOS_LOG_Warning> LogHttp: 0000017A98FE1E20: libcurl info message cache 10 (Recv failure: Connection was reset)
[2026/02/23_10:34:10] <EOS_LOG_Warning> LogHttp: 0000017A98FE1E20: libcurl info message cache 11 (OpenSSL SSL_connect: Connection was reset in connection to api.epicgames.dev:443 )
[2026/02/23_10:34:10] <EOS_LOG_Warning> LogHttp: 0000017A98FE1E20: libcurl info message cache 12 (Closing connection)
[2026/02/23_10:34:10] <EOS_LOG_Warning> LogHttp: 0000017A98FE1E20: libcurl info message cache 13 (Recv failure: Connection was reset)
[2026/02/23_10:34:10] <EOS_LOG_Warning> LogHttp: 0000017A98FE1E20: libcurl info message cache 14 (Recv failure: Connection was reset)
[2026/02/23_10:34:10] <EOS_LOG_Warning> LogHttp: Retry exhausted on https://api.epicgames.dev/sdk/v1/default?platformId=WIN
[2026/02/23_10:34:10] <EOS_LOG_Warning> LogEOS: Failed to connect to the backend. ServiceName=[SDKConfig], OperationName=[GetPlatformConfigRoute], Url=[<Redacted>]
[2026/02/23_10:34:10] <EOS_LOG_Warning> LogEOS: SDK Config Platform Update Request Failed, Result Code: EOS_NoConnection, Retrying after 10.251045 seconds
[2026/02/23_10:34:17] <EOS_LOG_Error> LogEOSAntiCheat: [AntiCheatClient] EOS_AntiCheatClient_EndSession: No session is active.
[2026/02/23_10:34:20] <EOS_LOG_Info> LogEOS: Updating Platform SDK Config, Time: 33.054680
[2026/02/23_10:34:21] <EOS_LOG_Warning> LogHttp: 00000179AC25CF80: invalid HTTP response code received. URL: https://api.epicgames.dev/sdk/v1/default?platformId=WIN, HTTP code: 0, content length: 0, actual payload size: 0
[2026/02/23_10:34:21] <EOS_LOG_Warning> LogHttp: 00000179AC25CF80: request failed, libcurl error: 35 (SSL connect error)
[2026/02/23_10:34:21] <EOS_LOG_Warning> LogHttp: 00000179AC25CF80: libcurl info message cache 0 (Hostname 127.0.0.1 was found in DNS cache)
[2026/02/23_10:34:21] <EOS_LOG_Warning> LogHttp: 00000179AC25CF80: libcurl info message cache 1 (  Trying 127.0.0.1:7890...)
[2026/02/23_10:34:21] <EOS_LOG_Warning> LogHttp: 00000179AC25CF80: libcurl info message cache 2 (Connected to 127.0.0.1 (127.0.0.1) port 7890)
[2026/02/23_10:34:21] <EOS_LOG_Warning> LogHttp: 00000179AC25CF80: libcurl info message cache 3 (CONNECT tunnel: HTTP/1.1 negotiated)
[2026/02/23_10:34:21] <EOS_LOG_Warning> LogHttp: 00000179AC25CF80: libcurl info message cache 4 (allocate connect buffer)
[2026/02/23_10:34:21] <EOS_LOG_Warning> LogHttp: 00000179AC25CF80: libcurl info message cache 5 (Establish HTTP proxy tunnel to api.epicgames.dev:443)
[2026/02/23_10:34:21] <EOS_LOG_Warning> LogHttp: 00000179AC25CF80: libcurl info message cache 6 (CONNECT phase completed)
[2026/02/23_10:34:21] <EOS_LOG_Warning> LogHttp: 00000179AC25CF80: libcurl info message cache 7 (CONNECT tunnel established, response 200)
[2026/02/23_10:34:21] <EOS_LOG_Warning> LogHttp: 00000179AC25CF80: libcurl info message cache 8 (ALPN: curl offers http/1.1)
[2026/02/23_10:34:21] <EOS_LOG_Warning> LogHttp: 00000179AC25CF80: libcurl info message cache 9 (TLSv1.3 (OUT), TLS handshake, Client hello (1):)
[2026/02/23_10:34:21] <EOS_LOG_Warning> LogHttp: 00000179AC25CF80: libcurl info message cache 10 (Recv failure: Connection was reset)
[2026/02/23_10:34:21] <EOS_LOG_Warning> LogHttp: 00000179AC25CF80: libcurl info message cache 11 (OpenSSL SSL_connect: Connection was reset in connection to api.epicgames.dev:443 )
[2026/02/23_10:34:21] <EOS_LOG_Warning> LogHttp: 00000179AC25CF80: libcurl info message cache 12 (Closing connection)
[2026/02/23_10:34:21] <EOS_LOG_Warning> LogHttp: 00000179AC25CF80: libcurl info message cache 13 (Recv failure: Connection was reset)
[2026/02/23_10:34:21] <EOS_LOG_Warning> LogHttp: 00000179AC25CF80: libcurl info message cache 14 (Recv failure: Connection was reset)
[2026/02/23_10:34:21] <EOS_LOG_Warning> LogHttp: Retry exhausted on https://api.epicgames.dev/sdk/v1/default?platformId=WIN
[2026/02/23_10:34:21] <EOS_LOG_Warning> LogEOS: Failed to connect to the backend. ServiceName=[SDKConfig], OperationName=[GetPlatformConfigRoute], Url=[<Redacted>]
[2026/02/23_10:34:21] <EOS_LOG_Warning> LogEOS: SDK Config Platform Update Request Failed, Result Code: EOS_NoConnection, Retrying after 3.574511 seconds
[2026/02/23_10:34:25] <EOS_LOG_Info> LogEOS: Updating Platform SDK Config, Time: 37.671715
[2026/02/23_10:34:26] <EOS_LOG_Error> LogEOSAntiCheat: [AntiCheatClient] EOS_AntiCheatClient_EndSession: No session is active.
[2026/02/23_10:34:26] <EOS_LOG_Warning> LogHttp: 00000179AC25EC90: invalid HTTP response code received. URL: https://api.epicgames.dev/sdk/v1/default?platformId=WIN, HTTP code: 0, content length: 0, actual payload size: 0
[2026/02/23_10:34:26] <EOS_LOG_Warning> LogHttp: 00000179AC25EC90: request failed, libcurl error: 35 (SSL connect error)
[2026/02/23_10:34:26] <EOS_LOG_Warning> LogHttp: 00000179AC25EC90: libcurl info message cache 0 (Hostname 127.0.0.1 was found in DNS cache)
[2026/02/23_10:34:26] <EOS_LOG_Warning> LogHttp: 00000179AC25EC90: libcurl info message cache 1 (  Trying 127.0.0.1:7890...)
[2026/02/23_10:34:26] <EOS_LOG_Warning> LogHttp: 00000179AC25EC90: libcurl info message cache 2 (Connected to 127.0.0.1 (127.0.0.1) port 7890)
[2026/02/23_10:34:26] <EOS_LOG_Warning> LogHttp: 00000179AC25EC90: libcurl info message cache 3 (CONNECT tunnel: HTTP/1.1 negotiated)
[2026/02/23_10:34:26] <EOS_LOG_Warning> LogHttp: 00000179AC25EC90: libcurl info message cache 4 (allocate connect buffer)
[2026/02/23_10:34:26] <EOS_LOG_Warning> LogHttp: 00000179AC25EC90: libcurl info message cache 5 (Establish HTTP proxy tunnel to api.epicgames.dev:443)
[2026/02/23_10:34:26] <EOS_LOG_Warning> LogHttp: 00000179AC25EC90: libcurl info message cache 6 (CONNECT phase completed)
[2026/02/23_10:34:26] <EOS_LOG_Warning> LogHttp: 00000179AC25EC90: libcurl info message cache 7 (CONNECT tunnel established, response 200)
[2026/02/23_10:34:26] <EOS_LOG_Warning> LogHttp: 00000179AC25EC90: libcurl info message cache 8 (ALPN: curl offers http/1.1)
[2026/02/23_10:34:26] <EOS_LOG_Warning> LogHttp: 00000179AC25EC90: libcurl info message cache 9 (TLSv1.3 (OUT), TLS handshake, Client hello (1):)
[2026/02/23_10:34:26] <EOS_LOG_Warning> LogHttp: 00000179AC25EC90: libcurl info message cache 10 (Recv failure: Connection was reset)
[2026/02/23_10:34:26] <EOS_LOG_Warning> LogHttp: 00000179AC25EC90: libcurl info message cache 11 (OpenSSL SSL_connect: Connection was reset in connection to api.epicgames.dev:443 )
[2026/02/23_10:34:26] <EOS_LOG_Warning> LogHttp: 00000179AC25EC90: libcurl info message cache 12 (Closing connection)
[2026/02/23_10:34:26] <EOS_LOG_Warning> LogHttp: 00000179AC25EC90: libcurl info message cache 13 (Recv failure: Connection was reset)
[2026/02/23_10:34:26] <EOS_LOG_Warning> LogHttp: 00000179AC25EC90: libcurl info message cache 14 (Recv failure: Connection was reset)
[2026/02/23_10:34:26] <EOS_LOG_Warning> LogHttp: Retry exhausted on https://api.epicgames.dev/sdk/v1/default?platformId=WIN
[2026/02/23_10:34:26] <EOS_LOG_Warning> LogEOS: Failed to connect to the backend. ServiceName=[SDKConfig], OperationName=[GetPlatformConfigRoute], Url=[<Redacted>]
[2026/02/23_10:34:26] <EOS_LOG_Warning> LogEOS: SDK Config Platform Update Request Failed, Result Code: EOS_NoConnection, Retrying after 6.818079 seconds
[2026/02/23_10:34:33] <EOS_LOG_Info> LogEOS: Updating Platform SDK Config, Time: 45.522408
[2026/02/23_10:34:34] <EOS_LOG_Warning> LogHttp: 00000179AC25EC90: invalid HTTP response code received. URL: https://api.epicgames.dev/sdk/v1/default?platformId=WIN, HTTP code: 0, content length: 0, actual payload size: 0
[2026/02/23_10:34:34] <EOS_LOG_Warning> LogHttp: 00000179AC25EC90: request failed, libcurl error: 35 (SSL connect error)
[2026/02/23_10:34:34] <EOS_LOG_Warning> LogHttp: 00000179AC25EC90: libcurl info message cache 0 (Hostname 127.0.0.1 was found in DNS cache)
[2026/02/23_10:34:34] <EOS_LOG_Warning> LogHttp: 00000179AC25EC90: libcurl info message cache 1 (  Trying 127.0.0.1:7890...)
[2026/02/23_10:34:34] <EOS_LOG_Warning> LogHttp: 00000179AC25EC90: libcurl info message cache 2 (Connected to 127.0.0.1 (127.0.0.1) port 7890)
[2026/02/23_10:34:34] <EOS_LOG_Warning> LogHttp: 00000179AC25EC90: libcurl info message cache 3 (CONNECT tunnel: HTTP/1.1 negotiated)
[2026/02/23_10:34:34] <EOS_LOG_Warning> LogHttp: 00000179AC25EC90: libcurl info message cache 4 (allocate connect buffer)
[2026/02/23_10:34:34] <EOS_LOG_Warning> LogHttp: 00000179AC25EC90: libcurl info message cache 5 (Establish HTTP proxy tunnel to api.epicgames.dev:443)
[2026/02/23_10:34:34] <EOS_LOG_Warning> LogHttp: 00000179AC25EC90: libcurl info message cache 6 (CONNECT phase completed)
[2026/02/23_10:34:34] <EOS_LOG_Warning> LogHttp: 00000179AC25EC90: libcurl info message cache 7 (CONNECT tunnel established, response 200)
[2026/02/23_10:34:34] <EOS_LOG_Warning> LogHttp: 00000179AC25EC90: libcurl info message cache 8 (ALPN: curl offers http/1.1)
[2026/02/23_10:34:34] <EOS_LOG_Warning> LogHttp: 00000179AC25EC90: libcurl info message cache 9 (TLSv1.3 (OUT), TLS handshake, Client hello (1):)
[2026/02/23_10:34:34] <EOS_LOG_Warning> LogHttp: 00000179AC25EC90: libcurl info message cache 10 (Recv failure: Connection was reset)
[2026/02/23_10:34:34] <EOS_LOG_Warning> LogHttp: 00000179AC25EC90: libcurl info message cache 11 (OpenSSL SSL_connect: Connection was reset in connection to api.epicgames.dev:443 )
[2026/02/23_10:34:34] <EOS_LOG_Warning> LogHttp: 00000179AC25EC90: libcurl info message cache 12 (Closing connection)
[2026/02/23_10:34:34] <EOS_LOG_Warning> LogHttp: 00000179AC25EC90: libcurl info message cache 13 (Recv failure: Connection was reset)
[2026/02/23_10:34:34] <EOS_LOG_Warning> LogHttp: 00000179AC25EC90: libcurl info message cache 14 (Recv failure: Connection was reset)
[2026/02/23_10:34:34] <EOS_LOG_Warning> LogHttp: Retry exhausted on https://api.epicgames.dev/sdk/v1/default?platformId=WIN
[2026/02/23_10:34:34] <EOS_LOG_Warning> LogEOS: Failed to connect to the backend. ServiceName=[SDKConfig], OperationName=[GetPlatformConfigRoute], Url=[<Redacted>]
[2026/02/23_10:34:34] <EOS_LOG_Warning> LogEOS: SDK Config Platform Update Request Failed, Result Code: EOS_NoConnection, Retrying after 10.325266 seconds
无法联机至Epic Online Services：03-00001
无法使用联机模式。
