[2026/02/25_16:29:57] <EOS_LOG_Info> LogEOS: Updating Platform SDK Config, Time: 0.204731
[2026/02/25_16:30:06] <EOS_LOG_Warning> LogHttp: 000002807F28EDF0: invalid HTTP response code received. URL: https://api.epicgames.dev/sdk/v1/default?platformId=WIN, HTTP code: 0, content length: 0, actual payload size: 0
[2026/02/25_16:30:06] <EOS_LOG_Warning> LogHttp: 000002807F28EDF0: request failed, libcurl error: 35 (SSL connect error)
[2026/02/25_16:30:06] <EOS_LOG_Warning> LogHttp: 000002807F28EDF0: libcurl info message cache 0 (  Trying 127.0.0.1:7890...)
[2026/02/25_16:30:06] <EOS_LOG_Warning> LogHttp: 000002807F28EDF0: libcurl info message cache 1 (Connected to 127.0.0.1 (127.0.0.1) port 7890)
[2026/02/25_16:30:06] <EOS_LOG_Warning> LogHttp: 000002807F28EDF0: libcurl info message cache 2 (CONNECT tunnel: HTTP/1.1 negotiated)
[2026/02/25_16:30:06] <EOS_LOG_Warning> LogHttp: 000002807F28EDF0: libcurl info message cache 3 (allocate connect buffer)
[2026/02/25_16:30:06] <EOS_LOG_Warning> LogHttp: 000002807F28EDF0: libcurl info message cache 4 (Establish HTTP proxy tunnel to api.epicgames.dev:443)
[2026/02/25_16:30:06] <EOS_LOG_Warning> LogHttp: 000002807F28EDF0: libcurl info message cache 5 (CONNECT phase completed)
[2026/02/25_16:30:06] <EOS_LOG_Warning> LogHttp: 000002807F28EDF0: libcurl info message cache 6 (CONNECT tunnel established, response 200)
[2026/02/25_16:30:06] <EOS_LOG_Warning> LogHttp: 000002807F28EDF0: libcurl info message cache 7 (ALPN: curl offers http/1.1)
[2026/02/25_16:30:06] <EOS_LOG_Warning> LogHttp: 000002807F28EDF0: libcurl info message cache 8 (TLSv1.3 (OUT), TLS handshake, Client hello (1):)
[2026/02/25_16:30:06] <EOS_LOG_Warning> LogHttp: 000002807F28EDF0: libcurl info message cache 9 (Recv failure: Connection was reset)
[2026/02/25_16:30:06] <EOS_LOG_Warning> LogHttp: 000002807F28EDF0: libcurl info message cache 10 (OpenSSL SSL_connect: Connection was reset in connection to api.epicgames.dev:443 )
[2026/02/25_16:30:06] <EOS_LOG_Warning> LogHttp: 000002807F28EDF0: libcurl info message cache 11 (Closing connection)
[2026/02/25_16:30:06] <EOS_LOG_Warning> LogHttp: 000002807F28EDF0: libcurl info message cache 12 (Recv failure: Connection was reset)
[2026/02/25_16:30:06] <EOS_LOG_Warning> LogHttp: 000002807F28EDF0: libcurl info message cache 13 (Recv failure: Connection was reset)
[2026/02/25_16:30:06] <EOS_LOG_Warning> LogHttp: Retry exhausted on https://api.epicgames.dev/sdk/v1/default?platformId=WIN
[2026/02/25_16:30:06] <EOS_LOG_Warning> LogEOS: Failed to connect to the backend. ServiceName=[SDKConfig], OperationName=[GetPlatformConfigRoute], Url=[<Redacted>]
[2026/02/25_16:30:06] <EOS_LOG_Warning> LogEOS: SDK Config Platform Update Request Failed, Result Code: EOS_NoConnection, Retrying after 2.213324 seconds
[2026/02/25_16:30:08] <EOS_LOG_Info> LogEOS: Updating Platform SDK Config, Time: 11.480624
[2026/02/25_16:30:10] <EOS_LOG_Warning> LogHttp: 00000280E8849030: invalid HTTP response code received. URL: https://api.epicgames.dev/sdk/v1/default?platformId=WIN, HTTP code: 0, content length: 0, actual payload size: 0
[2026/02/25_16:30:10] <EOS_LOG_Warning> LogHttp: 00000280E8849030: request failed, libcurl error: 35 (SSL connect error)
[2026/02/25_16:30:10] <EOS_LOG_Warning> LogHttp: 00000280E8849030: libcurl info message cache 0 (Hostname 127.0.0.1 was found in DNS cache)
[2026/02/25_16:30:10] <EOS_LOG_Warning> LogHttp: 00000280E8849030: libcurl info message cache 1 (  Trying 127.0.0.1:7890...)
[2026/02/25_16:30:10] <EOS_LOG_Warning> LogHttp: 00000280E8849030: libcurl info message cache 2 (Connected to 127.0.0.1 (127.0.0.1) port 7890)
[2026/02/25_16:30:10] <EOS_LOG_Warning> LogHttp: 00000280E8849030: libcurl info message cache 3 (CONNECT tunnel: HTTP/1.1 negotiated)
[2026/02/25_16:30:10] <EOS_LOG_Warning> LogHttp: 00000280E8849030: libcurl info message cache 4 (allocate connect buffer)
[2026/02/25_16:30:10] <EOS_LOG_Warning> LogHttp: 00000280E8849030: libcurl info message cache 5 (Establish HTTP proxy tunnel to api.epicgames.dev:443)
[2026/02/25_16:30:10] <EOS_LOG_Warning> LogHttp: 00000280E8849030: libcurl info message cache 6 (CONNECT phase completed)
[2026/02/25_16:30:10] <EOS_LOG_Warning> LogHttp: 00000280E8849030: libcurl info message cache 7 (CONNECT tunnel established, response 200)
[2026/02/25_16:30:10] <EOS_LOG_Warning> LogHttp: 00000280E8849030: libcurl info message cache 8 (ALPN: curl offers http/1.1)
[2026/02/25_16:30:10] <EOS_LOG_Warning> LogHttp: 00000280E8849030: libcurl info message cache 9 (TLSv1.3 (OUT), TLS handshake, Client hello (1):)
[2026/02/25_16:30:10] <EOS_LOG_Warning> LogHttp: 00000280E8849030: libcurl info message cache 10 (Recv failure: Connection was reset)
[2026/02/25_16:30:10] <EOS_LOG_Warning> LogHttp: 00000280E8849030: libcurl info message cache 11 (OpenSSL SSL_connect: Connection was reset in connection to api.epicgames.dev:443 )
[2026/02/25_16:30:10] <EOS_LOG_Warning> LogHttp: 00000280E8849030: libcurl info message cache 12 (Closing connection)
[2026/02/25_16:30:10] <EOS_LOG_Warning> LogHttp: 00000280E8849030: libcurl info message cache 13 (Recv failure: Connection was reset)
[2026/02/25_16:30:10] <EOS_LOG_Warning> LogHttp: 00000280E8849030: libcurl info message cache 14 (Recv failure: Connection was reset)
[2026/02/25_16:30:10] <EOS_LOG_Warning> LogHttp: Retry exhausted on https://api.epicgames.dev/sdk/v1/default?platformId=WIN
[2026/02/25_16:30:10] <EOS_LOG_Warning> LogEOS: Failed to connect to the backend. ServiceName=[SDKConfig], OperationName=[GetPlatformConfigRoute], Url=[<Redacted>]
[2026/02/25_16:30:11] <EOS_LOG_Warning> LogEOS: SDK Config Platform Update Request Failed, Result Code: EOS_NoConnection, Retrying after 4.426038 seconds
[2026/02/25_16:30:15] <EOS_LOG_Info> LogEOS: Updating Platform SDK Config, Time: 18.430759
[2026/02/25_16:30:16] <EOS_LOG_Warning> LogHttp: 000002811CCC0E50: invalid HTTP response code received. URL: https://api.epicgames.dev/sdk/v1/default?platformId=WIN, HTTP code: 0, content length: 0, actual payload size: 0
[2026/02/25_16:30:16] <EOS_LOG_Warning> LogHttp: 000002811CCC0E50: request failed, libcurl error: 35 (SSL connect error)
[2026/02/25_16:30:16] <EOS_LOG_Warning> LogHttp: 000002811CCC0E50: libcurl info message cache 0 (Hostname 127.0.0.1 was found in DNS cache)
[2026/02/25_16:30:16] <EOS_LOG_Warning> LogHttp: 000002811CCC0E50: libcurl info message cache 1 (  Trying 127.0.0.1:7890...)
[2026/02/25_16:30:16] <EOS_LOG_Warning> LogHttp: 000002811CCC0E50: libcurl info message cache 2 (Connected to 127.0.0.1 (127.0.0.1) port 7890)
[2026/02/25_16:30:16] <EOS_LOG_Warning> LogHttp: 000002811CCC0E50: libcurl info message cache 3 (CONNECT tunnel: HTTP/1.1 negotiated)
[2026/02/25_16:30:16] <EOS_LOG_Warning> LogHttp: 000002811CCC0E50: libcurl info message cache 4 (allocate connect buffer)
[2026/02/25_16:30:16] <EOS_LOG_Warning> LogHttp: 000002811CCC0E50: libcurl info message cache 5 (Establish HTTP proxy tunnel to api.epicgames.dev:443)
[2026/02/25_16:30:16] <EOS_LOG_Warning> LogHttp: 000002811CCC0E50: libcurl info message cache 6 (CONNECT phase completed)
[2026/02/25_16:30:16] <EOS_LOG_Warning> LogHttp: 000002811CCC0E50: libcurl info message cache 7 (CONNECT tunnel established, response 200)
[2026/02/25_16:30:16] <EOS_LOG_Warning> LogHttp: 000002811CCC0E50: libcurl info message cache 8 (ALPN: curl offers http/1.1)
[2026/02/25_16:30:16] <EOS_LOG_Warning> LogHttp: 000002811CCC0E50: libcurl info message cache 9 (TLSv1.3 (OUT), TLS handshake, Client hello (1):)
[2026/02/25_16:30:16] <EOS_LOG_Warning> LogHttp: 000002811CCC0E50: libcurl info message cache 10 (Recv failure: Connection was reset)
[2026/02/25_16:30:16] <EOS_LOG_Warning> LogHttp: 000002811CCC0E50: libcurl info message cache 11 (OpenSSL SSL_connect: Connection was reset in connection to api.epicgames.dev:443 )
[2026/02/25_16:30:16] <EOS_LOG_Warning> LogHttp: 000002811CCC0E50: libcurl info message cache 12 (Closing connection)
[2026/02/25_16:30:16] <EOS_LOG_Warning> LogHttp: 000002811CCC0E50: libcurl info message cache 13 (Recv failure: Connection was reset)
[2026/02/25_16:30:16] <EOS_LOG_Warning> LogHttp: 000002811CCC0E50: libcurl info message cache 14 (Recv failure: Connection was reset)
[2026/02/25_16:30:16] <EOS_LOG_Warning> LogHttp: Retry exhausted on https://api.epicgames.dev/sdk/v1/default?platformId=WIN
[2026/02/25_16:30:16] <EOS_LOG_Warning> LogEOS: Failed to connect to the backend. ServiceName=[SDKConfig], OperationName=[GetPlatformConfigRoute], Url=[<Redacted>]
[2026/02/25_16:30:16] <EOS_LOG_Warning> LogEOS: SDK Config Platform Update Request Failed, Result Code: EOS_NoConnection, Retrying after 14.058046 seconds
[2026/02/25_16:30:28] <EOS_LOG_Error> LogEOSAntiCheat: [AntiCheatClient] EOS_AntiCheatClient_EndSession: No session is active.
[2026/02/25_16:30:30] <EOS_LOG_Info> LogEOS: Updating Platform SDK Config, Time: 33.415432
[2026/02/25_16:30:31] <EOS_LOG_Warning> LogHttp: 000002814A861BE0: invalid HTTP response code received. URL: https://api.epicgames.dev/sdk/v1/default?platformId=WIN, HTTP code: 0, content length: 0, actual payload size: 0
[2026/02/25_16:30:31] <EOS_LOG_Warning> LogHttp: 000002814A861BE0: request failed, libcurl error: 35 (SSL connect error)
[2026/02/25_16:30:31] <EOS_LOG_Warning> LogHttp: 000002814A861BE0: libcurl info message cache 0 (Hostname 127.0.0.1 was found in DNS cache)
[2026/02/25_16:30:31] <EOS_LOG_Warning> LogHttp: 000002814A861BE0: libcurl info message cache 1 (  Trying 127.0.0.1:7890...)
[2026/02/25_16:30:31] <EOS_LOG_Warning> LogHttp: 000002814A861BE0: libcurl info message cache 2 (Connected to 127.0.0.1 (127.0.0.1) port 7890)
[2026/02/25_16:30:31] <EOS_LOG_Warning> LogHttp: 000002814A861BE0: libcurl info message cache 3 (CONNECT tunnel: HTTP/1.1 negotiated)
[2026/02/25_16:30:31] <EOS_LOG_Warning> LogHttp: 000002814A861BE0: libcurl info message cache 4 (allocate connect buffer)
[2026/02/25_16:30:31] <EOS_LOG_Warning> LogHttp: 000002814A861BE0: libcurl info message cache 5 (Establish HTTP proxy tunnel to api.epicgames.dev:443)
[2026/02/25_16:30:31] <EOS_LOG_Warning> LogHttp: 000002814A861BE0: libcurl info message cache 6 (CONNECT phase completed)
[2026/02/25_16:30:31] <EOS_LOG_Warning> LogHttp: 000002814A861BE0: libcurl info message cache 7 (CONNECT tunnel established, response 200)
[2026/02/25_16:30:31] <EOS_LOG_Warning> LogHttp: 000002814A861BE0: libcurl info message cache 8 (ALPN: curl offers http/1.1)
[2026/02/25_16:30:31] <EOS_LOG_Warning> LogHttp: 000002814A861BE0: libcurl info message cache 9 (TLSv1.3 (OUT), TLS handshake, Client hello (1):)
[2026/02/25_16:30:31] <EOS_LOG_Warning> LogHttp: 000002814A861BE0: libcurl info message cache 10 (Recv failure: Connection was reset)
[2026/02/25_16:30:31] <EOS_LOG_Warning> LogHttp: 000002814A861BE0: libcurl info message cache 11 (OpenSSL SSL_connect: Connection was reset in connection to api.epicgames.dev:443 )
[2026/02/25_16:30:31] <EOS_LOG_Warning> LogHttp: 000002814A861BE0: libcurl info message cache 12 (Closing connection)
[2026/02/25_16:30:31] <EOS_LOG_Warning> LogHttp: 000002814A861BE0: libcurl info message cache 13 (Recv failure: Connection was reset)
[2026/02/25_16:30:31] <EOS_LOG_Warning> LogHttp: 000002814A861BE0: libcurl info message cache 14 (Recv failure: Connection was reset)
[2026/02/25_16:30:31] <EOS_LOG_Warning> LogHttp: Retry exhausted on https://api.epicgames.dev/sdk/v1/default?platformId=WIN
[2026/02/25_16:30:31] <EOS_LOG_Warning> LogEOS: Failed to connect to the backend. ServiceName=[SDKConfig], OperationName=[GetPlatformConfigRoute], Url=[<Redacted>]
[2026/02/25_16:30:31] <EOS_LOG_Warning> LogEOS: SDK Config Platform Update Request Failed, Result Code: EOS_NoConnection, Retrying after 3.838374 seconds
[2026/02/25_16:30:35] <EOS_LOG_Info> LogEOS: Updating Platform SDK Config, Time: 38.266071
[2026/02/25_16:30:36] <EOS_LOG_Warning> LogHttp: 000002809BE66690: invalid HTTP response code received. URL: https://api.epicgames.dev/sdk/v1/default?platformId=WIN, HTTP code: 0, content length: 0, actual payload size: 0
[2026/02/25_16:30:36] <EOS_LOG_Warning> LogHttp: 000002809BE66690: request failed, libcurl error: 35 (SSL connect error)
[2026/02/25_16:30:36] <EOS_LOG_Warning> LogHttp: 000002809BE66690: libcurl info message cache 0 (Hostname 127.0.0.1 was found in DNS cache)
[2026/02/25_16:30:36] <EOS_LOG_Warning> LogHttp: 000002809BE66690: libcurl info message cache 1 (  Trying 127.0.0.1:7890...)
[2026/02/25_16:30:36] <EOS_LOG_Warning> LogHttp: 000002809BE66690: libcurl info message cache 2 (Connected to 127.0.0.1 (127.0.0.1) port 7890)
[2026/02/25_16:30:36] <EOS_LOG_Warning> LogHttp: 000002809BE66690: libcurl info message cache 3 (CONNECT tunnel: HTTP/1.1 negotiated)
[2026/02/25_16:30:36] <EOS_LOG_Warning> LogHttp: 000002809BE66690: libcurl info message cache 4 (allocate connect buffer)
[2026/02/25_16:30:36] <EOS_LOG_Warning> LogHttp: 000002809BE66690: libcurl info message cache 5 (Establish HTTP proxy tunnel to api.epicgames.dev:443)
[2026/02/25_16:30:36] <EOS_LOG_Warning> LogHttp: 000002809BE66690: libcurl info message cache 6 (CONNECT phase completed)
[2026/02/25_16:30:36] <EOS_LOG_Warning> LogHttp: 000002809BE66690: libcurl info message cache 7 (CONNECT tunnel established, response 200)
[2026/02/25_16:30:36] <EOS_LOG_Warning> LogHttp: 000002809BE66690: libcurl info message cache 8 (ALPN: curl offers http/1.1)
[2026/02/25_16:30:36] <EOS_LOG_Warning> LogHttp: 000002809BE66690: libcurl info message cache 9 (TLSv1.3 (OUT), TLS handshake, Client hello (1):)
[2026/02/25_16:30:36] <EOS_LOG_Warning> LogHttp: 000002809BE66690: libcurl info message cache 10 (Recv failure: Connection was reset)
[2026/02/25_16:30:36] <EOS_LOG_Warning> LogHttp: 000002809BE66690: libcurl info message cache 11 (OpenSSL SSL_connect: Connection was reset in connection to api.epicgames.dev:443 )
[2026/02/25_16:30:36] <EOS_LOG_Warning> LogHttp: 000002809BE66690: libcurl info message cache 12 (Closing connection)
[2026/02/25_16:30:36] <EOS_LOG_Warning> LogHttp: 000002809BE66690: libcurl info message cache 13 (Recv failure: Connection was reset)
[2026/02/25_16:30:36] <EOS_LOG_Warning> LogHttp: 000002809BE66690: libcurl info message cache 14 (Recv failure: Connection was reset)
[2026/02/25_16:30:36] <EOS_LOG_Warning> LogHttp: Retry exhausted on https://api.epicgames.dev/sdk/v1/default?platformId=WIN
[2026/02/25_16:30:36] <EOS_LOG_Warning> LogEOS: Failed to connect to the backend. ServiceName=[SDKConfig], OperationName=[GetPlatformConfigRoute], Url=[<Redacted>]
[2026/02/25_16:30:36] <EOS_LOG_Warning> LogEOS: SDK Config Platform Update Request Failed, Result Code: EOS_NoConnection, Retrying after 7.613391 seconds
[2026/02/25_16:30:37] <EOS_LOG_Error> LogEOSAntiCheat: [AntiCheatClient] EOS_AntiCheatClient_EndSession: No session is active.
[2026/02/25_16:30:44] <EOS_LOG_Info> LogEOS: Updating Platform SDK Config, Time: 46.816620
[2026/02/25_16:30:45] <EOS_LOG_Warning> LogHttp: 000002809BE66C60: invalid HTTP response code received. URL: https://api.epicgames.dev/sdk/v1/default?platformId=WIN, HTTP code: 0, content length: 0, actual payload size: 0
[2026/02/25_16:30:45] <EOS_LOG_Warning> LogHttp: 000002809BE66C60: request failed, libcurl error: 35 (SSL connect error)
[2026/02/25_16:30:45] <EOS_LOG_Warning> LogHttp: 000002809BE66C60: libcurl info message cache 0 (Hostname 127.0.0.1 was found in DNS cache)
[2026/02/25_16:30:45] <EOS_LOG_Warning> LogHttp: 000002809BE66C60: libcurl info message cache 1 (  Trying 127.0.0.1:7890...)
[2026/02/25_16:30:45] <EOS_LOG_Warning> LogHttp: 000002809BE66C60: libcurl info message cache 2 (Connected to 127.0.0.1 (127.0.0.1) port 7890)
[2026/02/25_16:30:45] <EOS_LOG_Warning> LogHttp: 000002809BE66C60: libcurl info message cache 3 (CONNECT tunnel: HTTP/1.1 negotiated)
[2026/02/25_16:30:45] <EOS_LOG_Warning> LogHttp: 000002809BE66C60: libcurl info message cache 4 (allocate connect buffer)
[2026/02/25_16:30:45] <EOS_LOG_Warning> LogHttp: 000002809BE66C60: libcurl info message cache 5 (Establish HTTP proxy tunnel to api.epicgames.dev:443)
[2026/02/25_16:30:45] <EOS_LOG_Warning> LogHttp: 000002809BE66C60: libcurl info message cache 6 (CONNECT phase completed)
[2026/02/25_16:30:45] <EOS_LOG_Warning> LogHttp: 000002809BE66C60: libcurl info message cache 7 (CONNECT tunnel established, response 200)
[2026/02/25_16:30:45] <EOS_LOG_Warning> LogHttp: 000002809BE66C60: libcurl info message cache 8 (ALPN: curl offers http/1.1)
[2026/02/25_16:30:45] <EOS_LOG_Warning> LogHttp: 000002809BE66C60: libcurl info message cache 9 (TLSv1.3 (OUT), TLS handshake, Client hello (1):)
[2026/02/25_16:30:45] <EOS_LOG_Warning> LogHttp: 000002809BE66C60: libcurl info message cache 10 (Recv failure: Connection was reset)
[2026/02/25_16:30:45] <EOS_LOG_Warning> LogHttp: 000002809BE66C60: libcurl info message cache 11 (OpenSSL SSL_connect: Connection was reset in connection to api.epicgames.dev:443 )
[2026/02/25_16:30:45] <EOS_LOG_Warning> LogHttp: 000002809BE66C60: libcurl info message cache 12 (Closing connection)
[2026/02/25_16:30:45] <EOS_LOG_Warning> LogHttp: 000002809BE66C60: libcurl info message cache 13 (Recv failure: Connection was reset)
[2026/02/25_16:30:45] <EOS_LOG_Warning> LogHttp: 000002809BE66C60: libcurl info message cache 14 (Recv failure: Connection was reset)
[2026/02/25_16:30:45] <EOS_LOG_Warning> LogHttp: Retry exhausted on https://api.epicgames.dev/sdk/v1/default?platformId=WIN
[2026/02/25_16:30:45] <EOS_LOG_Warning> LogEOS: Failed to connect to the backend. ServiceName=[SDKConfig], OperationName=[GetPlatformConfigRoute], Url=[<Redacted>]
[2026/02/25_16:30:45] <EOS_LOG_Warning> LogEOS: SDK Config Platform Update Request Failed, Result Code: EOS_NoConnection, Retrying after 9.387737 seconds
无法联机至Epic Online Services：03-00001
无法使用联机模式。
