[2026/02/24_20:51:08] <EOS_LOG_Info> LogEOS: Updating Platform SDK Config, Time: 0.056661
[2026/02/24_20:51:17] <EOS_LOG_Warning> LogHttp: 000001847EEC0490: invalid HTTP response code received. URL: https://api.epicgames.dev/sdk/v1/default?platformId=WIN, HTTP code: 0, content length: 0, actual payload size: 0
[2026/02/24_20:51:17] <EOS_LOG_Warning> LogHttp: 000001847EEC0490: request failed, libcurl error: 35 (SSL connect error)
[2026/02/24_20:51:17] <EOS_LOG_Warning> LogHttp: 000001847EEC0490: libcurl info message cache 0 (  Trying 127.0.0.1:7890...)
[2026/02/24_20:51:17] <EOS_LOG_Warning> LogHttp: 000001847EEC0490: libcurl info message cache 1 (Connected to 127.0.0.1 (127.0.0.1) port 7890)
[2026/02/24_20:51:17] <EOS_LOG_Warning> LogHttp: 000001847EEC0490: libcurl info message cache 2 (CONNECT tunnel: HTTP/1.1 negotiated)
[2026/02/24_20:51:17] <EOS_LOG_Warning> LogHttp: 000001847EEC0490: libcurl info message cache 3 (allocate connect buffer)
[2026/02/24_20:51:17] <EOS_LOG_Warning> LogHttp: 000001847EEC0490: libcurl info message cache 4 (Establish HTTP proxy tunnel to api.epicgames.dev:443)
[2026/02/24_20:51:17] <EOS_LOG_Warning> LogHttp: 000001847EEC0490: libcurl info message cache 5 (CONNECT phase completed)
[2026/02/24_20:51:17] <EOS_LOG_Warning> LogHttp: 000001847EEC0490: libcurl info message cache 6 (CONNECT tunnel established, response 200)
[2026/02/24_20:51:17] <EOS_LOG_Warning> LogHttp: 000001847EEC0490: libcurl info message cache 7 (ALPN: curl offers http/1.1)
[2026/02/24_20:51:17] <EOS_LOG_Warning> LogHttp: 000001847EEC0490: libcurl info message cache 8 (TLSv1.3 (OUT), TLS handshake, Client hello (1):)
[2026/02/24_20:51:17] <EOS_LOG_Warning> LogHttp: 000001847EEC0490: libcurl info message cache 9 (Recv failure: Connection was reset)
[2026/02/24_20:51:17] <EOS_LOG_Warning> LogHttp: 000001847EEC0490: libcurl info message cache 10 (OpenSSL SSL_connect: Connection was reset in connection to api.epicgames.dev:443 )
[2026/02/24_20:51:17] <EOS_LOG_Warning> LogHttp: 000001847EEC0490: libcurl info message cache 11 (Closing connection)
[2026/02/24_20:51:17] <EOS_LOG_Warning> LogHttp: 000001847EEC0490: libcurl info message cache 12 (Recv failure: Connection was reset)
[2026/02/24_20:51:17] <EOS_LOG_Warning> LogHttp: 000001847EEC0490: libcurl info message cache 13 (Recv failure: Connection was reset)
[2026/02/24_20:51:17] <EOS_LOG_Warning> LogHttp: Retry exhausted on https://api.epicgames.dev/sdk/v1/default?platformId=WIN
[2026/02/24_20:51:17] <EOS_LOG_Warning> LogEOS: Failed to connect to the backend. ServiceName=[SDKConfig], OperationName=[GetPlatformConfigRoute], Url=[<Redacted>]
[2026/02/24_20:51:17] <EOS_LOG_Warning> LogEOS: SDK Config Platform Update Request Failed, Result Code: EOS_NoConnection, Retrying after 3.194372 seconds
[2026/02/24_20:51:21] <EOS_LOG_Info> LogEOS: Updating Platform SDK Config, Time: 13.079867
[2026/02/24_20:51:23] <EOS_LOG_Warning> LogHttp: 00000184DB1550B0: invalid HTTP response code received. URL: https://api.epicgames.dev/sdk/v1/default?platformId=WIN, HTTP code: 0, content length: 0, actual payload size: 0
[2026/02/24_20:51:23] <EOS_LOG_Warning> LogHttp: 00000184DB1550B0: request failed, libcurl error: 35 (SSL connect error)
[2026/02/24_20:51:23] <EOS_LOG_Warning> LogHttp: 00000184DB1550B0: libcurl info message cache 0 (Hostname 127.0.0.1 was found in DNS cache)
[2026/02/24_20:51:23] <EOS_LOG_Warning> LogHttp: 00000184DB1550B0: libcurl info message cache 1 (  Trying 127.0.0.1:7890...)
[2026/02/24_20:51:23] <EOS_LOG_Warning> LogHttp: 00000184DB1550B0: libcurl info message cache 2 (Connected to 127.0.0.1 (127.0.0.1) port 7890)
[2026/02/24_20:51:23] <EOS_LOG_Warning> LogHttp: 00000184DB1550B0: libcurl info message cache 3 (CONNECT tunnel: HTTP/1.1 negotiated)
[2026/02/24_20:51:23] <EOS_LOG_Warning> LogHttp: 00000184DB1550B0: libcurl info message cache 4 (allocate connect buffer)
[2026/02/24_20:51:23] <EOS_LOG_Warning> LogHttp: 00000184DB1550B0: libcurl info message cache 5 (Establish HTTP proxy tunnel to api.epicgames.dev:443)
[2026/02/24_20:51:23] <EOS_LOG_Warning> LogHttp: 00000184DB1550B0: libcurl info message cache 6 (CONNECT phase completed)
[2026/02/24_20:51:23] <EOS_LOG_Warning> LogHttp: 00000184DB1550B0: libcurl info message cache 7 (CONNECT tunnel established, response 200)
[2026/02/24_20:51:23] <EOS_LOG_Warning> LogHttp: 00000184DB1550B0: libcurl info message cache 8 (ALPN: curl offers http/1.1)
[2026/02/24_20:51:23] <EOS_LOG_Warning> LogHttp: 00000184DB1550B0: libcurl info message cache 9 (TLSv1.3 (OUT), TLS handshake, Client hello (1):)
[2026/02/24_20:51:23] <EOS_LOG_Warning> LogHttp: 00000184DB1550B0: libcurl info message cache 10 (Recv failure: Connection was reset)
[2026/02/24_20:51:23] <EOS_LOG_Warning> LogHttp: 00000184DB1550B0: libcurl info message cache 11 (OpenSSL SSL_connect: Connection was reset in connection to api.epicgames.dev:443 )
[2026/02/24_20:51:23] <EOS_LOG_Warning> LogHttp: 00000184DB1550B0: libcurl info message cache 12 (Closing connection)
[2026/02/24_20:51:23] <EOS_LOG_Warning> LogHttp: 00000184DB1550B0: libcurl info message cache 13 (Recv failure: Connection was reset)
[2026/02/24_20:51:23] <EOS_LOG_Warning> LogHttp: 00000184DB1550B0: libcurl info message cache 14 (Recv failure: Connection was reset)
[2026/02/24_20:51:23] <EOS_LOG_Warning> LogHttp: Retry exhausted on https://api.epicgames.dev/sdk/v1/default?platformId=WIN
[2026/02/24_20:51:23] <EOS_LOG_Warning> LogEOS: Failed to connect to the backend. ServiceName=[SDKConfig], OperationName=[GetPlatformConfigRoute], Url=[<Redacted>]
[2026/02/24_20:51:23] <EOS_LOG_Warning> LogEOS: SDK Config Platform Update Request Failed, Result Code: EOS_NoConnection, Retrying after 5.259682 seconds
[2026/02/24_20:51:29] <EOS_LOG_Info> LogEOS: Updating Platform SDK Config, Time: 20.536728
[2026/02/24_20:51:30] <EOS_LOG_Warning> LogHttp: 000001852D39C3D0: invalid HTTP response code received. URL: https://api.epicgames.dev/sdk/v1/default?platformId=WIN, HTTP code: 0, content length: 0, actual payload size: 0
[2026/02/24_20:51:30] <EOS_LOG_Warning> LogHttp: 000001852D39C3D0: request failed, libcurl error: 35 (SSL connect error)
[2026/02/24_20:51:30] <EOS_LOG_Warning> LogHttp: 000001852D39C3D0: libcurl info message cache 0 (Hostname 127.0.0.1 was found in DNS cache)
[2026/02/24_20:51:30] <EOS_LOG_Warning> LogHttp: 000001852D39C3D0: libcurl info message cache 1 (  Trying 127.0.0.1:7890...)
[2026/02/24_20:51:30] <EOS_LOG_Warning> LogHttp: 000001852D39C3D0: libcurl info message cache 2 (Connected to 127.0.0.1 (127.0.0.1) port 7890)
[2026/02/24_20:51:30] <EOS_LOG_Warning> LogHttp: 000001852D39C3D0: libcurl info message cache 3 (CONNECT tunnel: HTTP/1.1 negotiated)
[2026/02/24_20:51:30] <EOS_LOG_Warning> LogHttp: 000001852D39C3D0: libcurl info message cache 4 (allocate connect buffer)
[2026/02/24_20:51:30] <EOS_LOG_Warning> LogHttp: 000001852D39C3D0: libcurl info message cache 5 (Establish HTTP proxy tunnel to api.epicgames.dev:443)
[2026/02/24_20:51:30] <EOS_LOG_Warning> LogHttp: 000001852D39C3D0: libcurl info message cache 6 (CONNECT phase completed)
[2026/02/24_20:51:30] <EOS_LOG_Warning> LogHttp: 000001852D39C3D0: libcurl info message cache 7 (CONNECT tunnel established, response 200)
[2026/02/24_20:51:30] <EOS_LOG_Warning> LogHttp: 000001852D39C3D0: libcurl info message cache 8 (ALPN: curl offers http/1.1)
[2026/02/24_20:51:30] <EOS_LOG_Warning> LogHttp: 000001852D39C3D0: libcurl info message cache 9 (TLSv1.3 (OUT), TLS handshake, Client hello (1):)
[2026/02/24_20:51:30] <EOS_LOG_Warning> LogHttp: 000001852D39C3D0: libcurl info message cache 10 (Recv failure: Connection was reset)
[2026/02/24_20:51:30] <EOS_LOG_Warning> LogHttp: 000001852D39C3D0: libcurl info message cache 11 (OpenSSL SSL_connect: Connection was reset in connection to api.epicgames.dev:443 )
[2026/02/24_20:51:30] <EOS_LOG_Warning> LogHttp: 000001852D39C3D0: libcurl info message cache 12 (Closing connection)
[2026/02/24_20:51:30] <EOS_LOG_Warning> LogHttp: 000001852D39C3D0: libcurl info message cache 13 (Recv failure: Connection was reset)
[2026/02/24_20:51:30] <EOS_LOG_Warning> LogHttp: 000001852D39C3D0: libcurl info message cache 14 (Recv failure: Connection was reset)
[2026/02/24_20:51:30] <EOS_LOG_Warning> LogHttp: Retry exhausted on https://api.epicgames.dev/sdk/v1/default?platformId=WIN
[2026/02/24_20:51:30] <EOS_LOG_Warning> LogEOS: Failed to connect to the backend. ServiceName=[SDKConfig], OperationName=[GetPlatformConfigRoute], Url=[<Redacted>]
[2026/02/24_20:51:30] <EOS_LOG_Warning> LogEOS: SDK Config Platform Update Request Failed, Result Code: EOS_NoConnection, Retrying after 12.695211 seconds
[2026/02/24_20:51:43] <EOS_LOG_Info> LogEOS: Updating Platform SDK Config, Time: 34.419628
[2026/02/24_20:51:43] <EOS_LOG_Warning> LogHttp: 000001852D39CF70: invalid HTTP response code received. URL: https://api.epicgames.dev/sdk/v1/default?platformId=WIN, HTTP code: 0, content length: 0, actual payload size: 0
[2026/02/24_20:51:43] <EOS_LOG_Warning> LogHttp: 000001852D39CF70: request failed, libcurl error: 35 (SSL connect error)
[2026/02/24_20:51:43] <EOS_LOG_Warning> LogHttp: 000001852D39CF70: libcurl info message cache 0 (Hostname 127.0.0.1 was found in DNS cache)
[2026/02/24_20:51:43] <EOS_LOG_Warning> LogHttp: 000001852D39CF70: libcurl info message cache 1 (  Trying 127.0.0.1:7890...)
[2026/02/24_20:51:43] <EOS_LOG_Warning> LogHttp: 000001852D39CF70: libcurl info message cache 2 (Connected to 127.0.0.1 (127.0.0.1) port 7890)
[2026/02/24_20:51:43] <EOS_LOG_Warning> LogHttp: 000001852D39CF70: libcurl info message cache 3 (CONNECT tunnel: HTTP/1.1 negotiated)
[2026/02/24_20:51:43] <EOS_LOG_Warning> LogHttp: 000001852D39CF70: libcurl info message cache 4 (allocate connect buffer)
[2026/02/24_20:51:43] <EOS_LOG_Warning> LogHttp: 000001852D39CF70: libcurl info message cache 5 (Establish HTTP proxy tunnel to api.epicgames.dev:443)
[2026/02/24_20:51:43] <EOS_LOG_Warning> LogHttp: 000001852D39CF70: libcurl info message cache 6 (CONNECT phase completed)
[2026/02/24_20:51:43] <EOS_LOG_Warning> LogHttp: 000001852D39CF70: libcurl info message cache 7 (CONNECT tunnel established, response 200)
[2026/02/24_20:51:43] <EOS_LOG_Warning> LogHttp: 000001852D39CF70: libcurl info message cache 8 (ALPN: curl offers http/1.1)
[2026/02/24_20:51:43] <EOS_LOG_Warning> LogHttp: 000001852D39CF70: libcurl info message cache 9 (TLSv1.3 (OUT), TLS handshake, Client hello (1):)
[2026/02/24_20:51:43] <EOS_LOG_Warning> LogHttp: 000001852D39CF70: libcurl info message cache 10 (Recv failure: Connection was reset)
[2026/02/24_20:51:43] <EOS_LOG_Warning> LogHttp: 000001852D39CF70: libcurl info message cache 11 (OpenSSL SSL_connect: Connection was reset in connection to api.epicgames.dev:443 )
[2026/02/24_20:51:43] <EOS_LOG_Warning> LogHttp: 000001852D39CF70: libcurl info message cache 12 (Closing connection)
[2026/02/24_20:51:43] <EOS_LOG_Warning> LogHttp: 000001852D39CF70: libcurl info message cache 13 (Recv failure: Connection was reset)
[2026/02/24_20:51:43] <EOS_LOG_Warning> LogHttp: 000001852D39CF70: libcurl info message cache 14 (Recv failure: Connection was reset)
[2026/02/24_20:51:43] <EOS_LOG_Warning> LogHttp: Retry exhausted on https://api.epicgames.dev/sdk/v1/default?platformId=WIN
[2026/02/24_20:51:43] <EOS_LOG_Warning> LogEOS: Failed to connect to the backend. ServiceName=[SDKConfig], OperationName=[GetPlatformConfigRoute], Url=[<Redacted>]
[2026/02/24_20:51:43] <EOS_LOG_Warning> LogEOS: SDK Config Platform Update Request Failed, Result Code: EOS_NoConnection, Retrying after 3.857479 seconds
[2026/02/24_20:51:47] <EOS_LOG_Info> LogEOS: Updating Platform SDK Config, Time: 39.186317
[2026/02/24_20:51:48] <EOS_LOG_Warning> LogHttp: 000001852D39CF70: invalid HTTP response code received. URL: https://api.epicgames.dev/sdk/v1/default?platformId=WIN, HTTP code: 0, content length: 0, actual payload size: 0
[2026/02/24_20:51:48] <EOS_LOG_Warning> LogHttp: 000001852D39CF70: request failed, libcurl error: 35 (SSL connect error)
[2026/02/24_20:51:48] <EOS_LOG_Warning> LogHttp: 000001852D39CF70: libcurl info message cache 0 (Hostname 127.0.0.1 was found in DNS cache)
[2026/02/24_20:51:48] <EOS_LOG_Warning> LogHttp: 000001852D39CF70: libcurl info message cache 1 (  Trying 127.0.0.1:7890...)
[2026/02/24_20:51:48] <EOS_LOG_Warning> LogHttp: 000001852D39CF70: libcurl info message cache 2 (Connected to 127.0.0.1 (127.0.0.1) port 7890)
[2026/02/24_20:51:48] <EOS_LOG_Warning> LogHttp: 000001852D39CF70: libcurl info message cache 3 (CONNECT tunnel: HTTP/1.1 negotiated)
[2026/02/24_20:51:48] <EOS_LOG_Warning> LogHttp: 000001852D39CF70: libcurl info message cache 4 (allocate connect buffer)
[2026/02/24_20:51:48] <EOS_LOG_Warning> LogHttp: 000001852D39CF70: libcurl info message cache 5 (Establish HTTP proxy tunnel to api.epicgames.dev:443)
[2026/02/24_20:51:48] <EOS_LOG_Warning> LogHttp: 000001852D39CF70: libcurl info message cache 6 (CONNECT phase completed)
[2026/02/24_20:51:48] <EOS_LOG_Warning> LogHttp: 000001852D39CF70: libcurl info message cache 7 (CONNECT tunnel established, response 200)
[2026/02/24_20:51:48] <EOS_LOG_Warning> LogHttp: 000001852D39CF70: libcurl info message cache 8 (ALPN: curl offers http/1.1)
[2026/02/24_20:51:48] <EOS_LOG_Warning> LogHttp: 000001852D39CF70: libcurl info message cache 9 (TLSv1.3 (OUT), TLS handshake, Client hello (1):)
[2026/02/24_20:51:48] <EOS_LOG_Warning> LogHttp: 000001852D39CF70: libcurl info message cache 10 (Recv failure: Connection was reset)
[2026/02/24_20:51:48] <EOS_LOG_Warning> LogHttp: 000001852D39CF70: libcurl info message cache 11 (OpenSSL SSL_connect: Connection was reset in connection to api.epicgames.dev:443 )
[2026/02/24_20:51:48] <EOS_LOG_Warning> LogHttp: 000001852D39CF70: libcurl info message cache 12 (Closing connection)
[2026/02/24_20:51:48] <EOS_LOG_Warning> LogHttp: 000001852D39CF70: libcurl info message cache 13 (Recv failure: Connection was reset)
[2026/02/24_20:51:48] <EOS_LOG_Warning> LogHttp: 000001852D39CF70: libcurl info message cache 14 (Recv failure: Connection was reset)
[2026/02/24_20:51:48] <EOS_LOG_Warning> LogHttp: Retry exhausted on https://api.epicgames.dev/sdk/v1/default?platformId=WIN
[2026/02/24_20:51:48] <EOS_LOG_Warning> LogEOS: Failed to connect to the backend. ServiceName=[SDKConfig], OperationName=[GetPlatformConfigRoute], Url=[<Redacted>]
[2026/02/24_20:51:48] <EOS_LOG_Warning> LogEOS: SDK Config Platform Update Request Failed, Result Code: EOS_NoConnection, Retrying after 6.112735 seconds
[2026/02/24_20:51:53] <EOS_LOG_Error> LogEOSAntiCheat: [AntiCheatClient] EOS_AntiCheatClient_EndSession: No session is active.
[2026/02/24_20:51:54] <EOS_LOG_Info> LogEOS: Updating Platform SDK Config, Time: 46.286743
[2026/02/24_20:51:55] <EOS_LOG_Warning> LogHttp: 000001852D39E6B0: invalid HTTP response code received. URL: https://api.epicgames.dev/sdk/v1/default?platformId=WIN, HTTP code: 0, content length: 0, actual payload size: 0
[2026/02/24_20:51:55] <EOS_LOG_Warning> LogHttp: 000001852D39E6B0: request failed, libcurl error: 35 (SSL connect error)
[2026/02/24_20:51:55] <EOS_LOG_Warning> LogHttp: 000001852D39E6B0: libcurl info message cache 0 (Hostname 127.0.0.1 was found in DNS cache)
[2026/02/24_20:51:55] <EOS_LOG_Warning> LogHttp: 000001852D39E6B0: libcurl info message cache 1 (  Trying 127.0.0.1:7890...)
[2026/02/24_20:51:55] <EOS_LOG_Warning> LogHttp: 000001852D39E6B0: libcurl info message cache 2 (Connected to 127.0.0.1 (127.0.0.1) port 7890)
[2026/02/24_20:51:55] <EOS_LOG_Warning> LogHttp: 000001852D39E6B0: libcurl info message cache 3 (CONNECT tunnel: HTTP/1.1 negotiated)
[2026/02/24_20:51:55] <EOS_LOG_Warning> LogHttp: 000001852D39E6B0: libcurl info message cache 4 (allocate connect buffer)
[2026/02/24_20:51:55] <EOS_LOG_Warning> LogHttp: 000001852D39E6B0: libcurl info message cache 5 (Establish HTTP proxy tunnel to api.epicgames.dev:443)
[2026/02/24_20:51:55] <EOS_LOG_Warning> LogHttp: 000001852D39E6B0: libcurl info message cache 6 (CONNECT phase completed)
[2026/02/24_20:51:55] <EOS_LOG_Warning> LogHttp: 000001852D39E6B0: libcurl info message cache 7 (CONNECT tunnel established, response 200)
[2026/02/24_20:51:55] <EOS_LOG_Warning> LogHttp: 000001852D39E6B0: libcurl info message cache 8 (ALPN: curl offers http/1.1)
[2026/02/24_20:51:55] <EOS_LOG_Warning> LogHttp: 000001852D39E6B0: libcurl info message cache 9 (TLSv1.3 (OUT), TLS handshake, Client hello (1):)
[2026/02/24_20:51:55] <EOS_LOG_Warning> LogHttp: 000001852D39E6B0: libcurl info message cache 10 (Recv failure: Connection was reset)
[2026/02/24_20:51:55] <EOS_LOG_Warning> LogHttp: 000001852D39E6B0: libcurl info message cache 11 (OpenSSL SSL_connect: Connection was reset in connection to api.epicgames.dev:443 )
[2026/02/24_20:51:55] <EOS_LOG_Warning> LogHttp: 000001852D39E6B0: libcurl info message cache 12 (Closing connection)
[2026/02/24_20:51:55] <EOS_LOG_Warning> LogHttp: 000001852D39E6B0: libcurl info message cache 13 (Recv failure: Connection was reset)
[2026/02/24_20:51:55] <EOS_LOG_Warning> LogHttp: 000001852D39E6B0: libcurl info message cache 14 (Recv failure: Connection was reset)
[2026/02/24_20:51:55] <EOS_LOG_Warning> LogHttp: Retry exhausted on https://api.epicgames.dev/sdk/v1/default?platformId=WIN
[2026/02/24_20:51:55] <EOS_LOG_Warning> LogEOS: Failed to connect to the backend. ServiceName=[SDKConfig], OperationName=[GetPlatformConfigRoute], Url=[<Redacted>]
[2026/02/24_20:51:55] <EOS_LOG_Warning> LogEOS: SDK Config Platform Update Request Failed, Result Code: EOS_NoConnection, Retrying after 11.226905 seconds
[2026/02/24_20:52:07] <EOS_LOG_Info> LogEOS: Updating Platform SDK Config, Time: 58.487068
[2026/02/24_20:52:08] <EOS_LOG_Warning> LogHttp: 000001852D3A20D0: invalid HTTP response code received. URL: https://api.epicgames.dev/sdk/v1/default?platformId=WIN, HTTP code: 0, content length: 0, actual payload size: 0
[2026/02/24_20:52:08] <EOS_LOG_Warning> LogHttp: 000001852D3A20D0: request failed, libcurl error: 35 (SSL connect error)
[2026/02/24_20:52:08] <EOS_LOG_Warning> LogHttp: 000001852D3A20D0: libcurl info message cache 0 (Hostname 127.0.0.1 was found in DNS cache)
[2026/02/24_20:52:08] <EOS_LOG_Warning> LogHttp: 000001852D3A20D0: libcurl info message cache 1 (  Trying 127.0.0.1:7890...)
[2026/02/24_20:52:08] <EOS_LOG_Warning> LogHttp: 000001852D3A20D0: libcurl info message cache 2 (Connected to 127.0.0.1 (127.0.0.1) port 7890)
[2026/02/24_20:52:08] <EOS_LOG_Warning> LogHttp: 000001852D3A20D0: libcurl info message cache 3 (CONNECT tunnel: HTTP/1.1 negotiated)
[2026/02/24_20:52:08] <EOS_LOG_Warning> LogHttp: 000001852D3A20D0: libcurl info message cache 4 (allocate connect buffer)
[2026/02/24_20:52:08] <EOS_LOG_Warning> LogHttp: 000001852D3A20D0: libcurl info message cache 5 (Establish HTTP proxy tunnel to api.epicgames.dev:443)
[2026/02/24_20:52:08] <EOS_LOG_Warning> LogHttp: 000001852D3A20D0: libcurl info message cache 6 (CONNECT phase completed)
[2026/02/24_20:52:08] <EOS_LOG_Warning> LogHttp: 000001852D3A20D0: libcurl info message cache 7 (CONNECT tunnel established, response 200)
[2026/02/24_20:52:08] <EOS_LOG_Warning> LogHttp: 000001852D3A20D0: libcurl info message cache 8 (ALPN: curl offers http/1.1)
[2026/02/24_20:52:08] <EOS_LOG_Warning> LogHttp: 000001852D3A20D0: libcurl info message cache 9 (TLSv1.3 (OUT), TLS handshake, Client hello (1):)
[2026/02/24_20:52:08] <EOS_LOG_Warning> LogHttp: 000001852D3A20D0: libcurl info message cache 10 (Recv failure: Connection was reset)
[2026/02/24_20:52:08] <EOS_LOG_Warning> LogHttp: 000001852D3A20D0: libcurl info message cache 11 (OpenSSL SSL_connect: Connection was reset in connection to api.epicgames.dev:443 )
[2026/02/24_20:52:08] <EOS_LOG_Warning> LogHttp: 000001852D3A20D0: libcurl info message cache 12 (Closing connection)
[2026/02/24_20:52:08] <EOS_LOG_Warning> LogHttp: 000001852D3A20D0: libcurl info message cache 13 (Recv failure: Connection was reset)
[2026/02/24_20:52:08] <EOS_LOG_Warning> LogHttp: 000001852D3A20D0: libcurl info message cache 14 (Recv failure: Connection was reset)
[2026/02/24_20:52:08] <EOS_LOG_Warning> LogHttp: Retry exhausted on https://api.epicgames.dev/sdk/v1/default?platformId=WIN
[2026/02/24_20:52:08] <EOS_LOG_Warning> LogEOS: Failed to connect to the backend. ServiceName=[SDKConfig], OperationName=[GetPlatformConfigRoute], Url=[<Redacted>]
[2026/02/24_20:52:08] <EOS_LOG_Warning> LogEOS: SDK Config Platform Update Request Failed, Result Code: EOS_NoConnection, Retrying after 3.304300 seconds
[2026/02/24_20:52:11] <EOS_LOG_Info> LogEOS: Updating Platform SDK Config, Time: 62.820545
[2026/02/24_20:52:12] <EOS_LOG_Info> LogEOS: SDK Config Platform Update Request Successful, Time: 63.720535
[2026/02/24_20:52:12] <EOS_LOG_Info> LogEOS: Updating Product SDK Config, Time: 63.737202
[2026/02/24_20:52:14] <EOS_LOG_Error> LogEOSAntiCheat: [AntiCheatClient] EOS_AntiCheatClient_EndSession: No session is active.
[2026/02/24_20:52:14] <EOS_LOG_Info> LogEOS: SDK Config Product Update Request Successful, Time: 65.421211
[2026/02/24_20:52:14] <EOS_LOG_Info> LogEOS: SDK Config Data - Watermark: -287380011
[2026/02/24_20:52:14] <EOS_LOG_Info> LogEOS: ScheduleNextSDKConfigDataUpdate - Time: 65.421211, Update Interval: 309.979553
[2026/02/24_20:52:15] <EOS_LOG_Warning> LogHttp: 000001852D3A0990: invalid HTTP response code received. URL: https://api.epicgames.dev/auth/v1/oauth/token, HTTP code: 0, content length: 0, actual payload size: 0
[2026/02/24_20:52:15] <EOS_LOG_Warning> LogHttp: 000001852D3A0990: request failed, libcurl error: 35 (SSL connect error)
[2026/02/24_20:52:15] <EOS_LOG_Warning> LogHttp: 000001852D3A0990: libcurl info message cache 0 (Found bundle for host: 0x1852d114670 [serially])
[2026/02/24_20:52:15] <EOS_LOG_Warning> LogHttp: 000001852D3A0990: libcurl info message cache 1 (Hostname 127.0.0.1 was found in DNS cache)
[2026/02/24_20:52:15] <EOS_LOG_Warning> LogHttp: 000001852D3A0990: libcurl info message cache 2 (  Trying 127.0.0.1:7890...)
[2026/02/24_20:52:15] <EOS_LOG_Warning> LogHttp: 000001852D3A0990: libcurl info message cache 3 (Connected to 127.0.0.1 (127.0.0.1) port 7890)
[2026/02/24_20:52:15] <EOS_LOG_Warning> LogHttp: 000001852D3A0990: libcurl info message cache 4 (CONNECT tunnel: HTTP/1.1 negotiated)
[2026/02/24_20:52:15] <EOS_LOG_Warning> LogHttp: 000001852D3A0990: libcurl info message cache 5 (allocate connect buffer)
[2026/02/24_20:52:15] <EOS_LOG_Warning> LogHttp: 000001852D3A0990: libcurl info message cache 6 (Establish HTTP proxy tunnel to api.epicgames.dev:443)
[2026/02/24_20:52:15] <EOS_LOG_Warning> LogHttp: 000001852D3A0990: libcurl info message cache 7 (CONNECT phase completed)
[2026/02/24_20:52:15] <EOS_LOG_Warning> LogHttp: 000001852D3A0990: libcurl info message cache 8 (CONNECT tunnel established, response 200)
[2026/02/24_20:52:15] <EOS_LOG_Warning> LogHttp: 000001852D3A0990: libcurl info message cache 9 (ALPN: curl offers http/1.1)
[2026/02/24_20:52:15] <EOS_LOG_Warning> LogHttp: 000001852D3A0990: libcurl info message cache 10 (SSL reusing session ID)
[2026/02/24_20:52:15] <EOS_LOG_Warning> LogHttp: 000001852D3A0990: libcurl info message cache 11 (TLSv1.3 (OUT), TLS handshake, Client hello (1):)
[2026/02/24_20:52:15] <EOS_LOG_Warning> LogHttp: 000001852D3A0990: libcurl info message cache 12 (Recv failure: Connection was reset)
[2026/02/24_20:52:15] <EOS_LOG_Warning> LogHttp: 000001852D3A0990: libcurl info message cache 13 (OpenSSL SSL_connect: Connection was reset in connection to api.epicgames.dev:443 )
[2026/02/24_20:52:15] <EOS_LOG_Warning> LogHttp: 000001852D3A0990: libcurl info message cache 14 (Closing connection)
[2026/02/24_20:52:15] <EOS_LOG_Warning> LogHttp: 000001852D3A0990: libcurl info message cache 15 (Recv failure: Connection was reset)
[2026/02/24_20:52:15] <EOS_LOG_Warning> LogHttp: 000001852D3A0990: libcurl info message cache 16 (Recv failure: Connection was reset)
[2026/02/24_20:52:15] <EOS_LOG_Warning> LogHttp: Retry exhausted on https://api.epicgames.dev/auth/v1/oauth/token
[2026/02/24_20:52:15] <EOS_LOG_Warning> LogEOS: Failed to connect to the backend. ServiceName=[EOSAuth], OperationName=[TokenGrant], Url=[<Redacted>]
无法联机至Epic Online Services：03-00001
无法使用联机模式。
